// Jest Snapshot v1, https://goo.gl/fbAQLP

exports[`Gatsby data tree utils build enum values for fields from array on nodes 1`] = `
Object {
  "anArray": Object {
    "field": "anArray",
  },
  "context___nestedObject___name": Object {
    "field": "context___nestedObject___name",
  },
  "context___nestedObject___someOtherProperty": Object {
    "field": "context___nestedObject___someOtherProperty",
  },
  "date": Object {
    "field": "date",
  },
  "frontmatter___blue": Object {
    "field": "frontmatter___blue",
  },
  "frontmatter___circle": Object {
    "field": "frontmatter___circle",
  },
  "frontmatter___date": Object {
    "field": "frontmatter___date",
  },
  "frontmatter___draft": Object {
    "field": "frontmatter___draft",
  },
  "frontmatter___title": Object {
    "field": "frontmatter___title",
  },
  "hair": Object {
    "field": "hair",
  },
  "key_with__unsupported_values": Object {
    "field": "key-with..unsupported-values",
  },
  "name": Object {
    "field": "name",
  },
  "nestedArrays": Object {
    "field": "nestedArrays",
  },
  "objectsInArray": Object {
    "field": "objectsInArray",
  },
}
`;

exports[`Gatsby data tree utils builds field examples from an array of nodes 1`] = `
Object {
  "anArray": Array [
    1,
  ],
  "context": Object {
    "nestedObject": Object {
      "name": "Inner name",
      "someOtherProperty": 1,
    },
  },
  "date": "2006-07-22T22:39:53.000Z",
  "frontmatter": Object {
    "blue": 100,
    "circle": "happy",
    "date": "2006-07-22T22:39:53.000Z",
    "draft": false,
    "title": "The world of dash and adventure",
  },
  "hair": 1,
  "key-with..unsupported-values": true,
  "name": "The Mad Max",
  "nestedArrays": Array [
    Array [
      1,
    ],
  ],
  "objectsInArray": Array [
    Object {
      "field1": true,
      "field2": 1,
      "field3": "foo",
    },
  ],
}
`;
